src/components/sections/FinalCTA.tsx(264,13): error TS2322: Type '{ hidden: { opacity: number; y: number; }; visible: (i?: number) => { opacity: number; y: number; transition: { type: string; stiffness: number; damping: number; delay: number; }; }; }' is not assignable to type 'Variants'.
  Property 'visible' is incompatible with index signature.
    Type '(i?: number) => { opacity: number; y: number; transition: { type: string; stiffness: number; damping: number; delay: number; }; }' is not assignable to type 'Variant'.
      Type '(i?: number) => { opacity: number; y: number; transition: { type: string; stiffness: number; damping: number; delay: number; }; }' is not assignable to type 'TargetResolver'.
        Type '{ opacity: number; y: number; transition: { type: string; stiffness: number; damping: number; delay: number; }; }' is not assignable to type 'string | TargetAndTransition'.
          Type '{ opacity: number; y: number; transition: { type: string; stiffness: number; damping: number; delay: number; }; }' is not assignable to type 'TargetAndTransition'.
            Type '{ opacity: number; y: number; transition: { type: string; stiffness: number; damping: number; delay: number; }; }' is not assignable to type '{ transition?: Transition<any> | undefined; transitionEnd?: ResolvedValues$1 | undefined; }'.
              Types of property 'transition' are incompatible.
                Type '{ type: string; stiffness: number; damping: number; delay: number; }' is not assignable to type 'Transition<any> | undefined'.
                  Type '{ type: string; stiffness: number; damping: number; delay: number; }' is not assignable to type 'TransitionWithValueOverrides<any>'.
                    Type '{ type: string; stiffness: number; damping: number; delay: number; }' is not assignable to type 'ValueAnimationTransition<any>'.
                      Types of property 'type' are incompatible.
                        Type 'string' is not assignable to type 'AnimationGeneratorType | undefined'.
src/components/sections/FinalCTA.tsx(282,13): error TS2322: Type '{ hidden: { opacity: number; y: number; }; visible: (i?: number) => { opacity: number; y: number; transition: { type: string; stiffness: number; damping: number; delay: number; }; }; }' is not assignable to type 'Variants'.
  Property 'visible' is incompatible with index signature.
    Type '(i?: number) => { opacity: number; y: number; transition: { type: string; stiffness: number; damping: number; delay: number; }; }' is not assignable to type 'Variant'.
      Type '(i?: number) => { opacity: number; y: number; transition: { type: string; stiffness: number; damping: number; delay: number; }; }' is not assignable to type 'TargetResolver'.
        Type '{ opacity: number; y: number; transition: { type: string; stiffness: number; damping: number; delay: number; }; }' is not assignable to type 'string | TargetAndTransition'.
          Type '{ opacity: number; y: number; transition: { type: string; stiffness: number; damping: number; delay: number; }; }' is not assignable to type 'TargetAndTransition'.
            Type '{ opacity: number; y: number; transition: { type: string; stiffness: number; damping: number; delay: number; }; }' is not assignable to type '{ transition?: Transition<any> | undefined; transitionEnd?: ResolvedValues$1 | undefined; }'.
              Types of property 'transition' are incompatible.
                Type '{ type: string; stiffness: number; damping: number; delay: number; }' is not assignable to type 'Transition<any> | undefined'.
                  Type '{ type: string; stiffness: number; damping: number; delay: number; }' is not assignable to type 'TransitionWithValueOverrides<any>'.
                    Type '{ type: string; stiffness: number; damping: number; delay: number; }' is not assignable to type 'ValueAnimationTransition<any>'.
                      Types of property 'type' are incompatible.
                        Type 'string' is not assignable to type 'AnimationGeneratorType | undefined'.
src/components/sections/FinalCTA.tsx(300,13): error TS2322: Type '{ hidden: { opacity: number; y: number; }; visible: (i?: number) => { opacity: number; y: number; transition: { type: string; stiffness: number; damping: number; delay: number; }; }; }' is not assignable to type 'Variants'.
  Property 'visible' is incompatible with index signature.
    Type '(i?: number) => { opacity: number; y: number; transition: { type: string; stiffness: number; damping: number; delay: number; }; }' is not assignable to type 'Variant'.
      Type '(i?: number) => { opacity: number; y: number; transition: { type: string; stiffness: number; damping: number; delay: number; }; }' is not assignable to type 'TargetResolver'.
        Type '{ opacity: number; y: number; transition: { type: string; stiffness: number; damping: number; delay: number; }; }' is not assignable to type 'string | TargetAndTransition'.
          Type '{ opacity: number; y: number; transition: { type: string; stiffness: number; damping: number; delay: number; }; }' is not assignable to type 'TargetAndTransition'.
            Type '{ opacity: number; y: number; transition: { type: string; stiffness: number; damping: number; delay: number; }; }' is not assignable to type '{ transition?: Transition<any> | undefined; transitionEnd?: ResolvedValues$1 | undefined; }'.
              Types of property 'transition' are incompatible.
                Type '{ type: string; stiffness: number; damping: number; delay: number; }' is not assignable to type 'Transition<any> | undefined'.
                  Type '{ type: string; stiffness: number; damping: number; delay: number; }' is not assignable to type 'TransitionWithValueOverrides<any>'.
                    Type '{ type: string; stiffness: number; damping: number; delay: number; }' is not assignable to type 'ValueAnimationTransition<any>'.
                      Types of property 'type' are incompatible.
                        Type 'string' is not assignable to type 'AnimationGeneratorType | undefined'.
src/components/sections/FinalCTA.tsx(318,13): error TS2322: Type '{ hidden: { opacity: number; y: number; }; visible: (i?: number) => { opacity: number; y: number; transition: { type: string; stiffness: number; damping: number; delay: number; }; }; }' is not assignable to type 'Variants'.
  Property 'visible' is incompatible with index signature.
    Type '(i?: number) => { opacity: number; y: number; transition: { type: string; stiffness: number; damping: number; delay: number; }; }' is not assignable to type 'Variant'.
      Type '(i?: number) => { opacity: number; y: number; transition: { type: string; stiffness: number; damping: number; delay: number; }; }' is not assignable to type 'TargetResolver'.
        Type '{ opacity: number; y: number; transition: { type: string; stiffness: number; damping: number; delay: number; }; }' is not assignable to type 'string | TargetAndTransition'.
          Type '{ opacity: number; y: number; transition: { type: string; stiffness: number; damping: number; delay: number; }; }' is not assignable to type 'TargetAndTransition'.
            Type '{ opacity: number; y: number; transition: { type: string; stiffness: number; damping: number; delay: number; }; }' is not assignable to type '{ transition?: Transition<any> | undefined; transitionEnd?: ResolvedValues$1 | undefined; }'.
              Types of property 'transition' are incompatible.
                Type '{ type: string; stiffness: number; damping: number; delay: number; }' is not assignable to type 'Transition<any> | undefined'.
                  Type '{ type: string; stiffness: number; damping: number; delay: number; }' is not assignable to type 'TransitionWithValueOverrides<any>'.
                    Type '{ type: string; stiffness: number; damping: number; delay: number; }' is not assignable to type 'ValueAnimationTransition<any>'.
                      Types of property 'type' are incompatible.
                        Type 'string' is not assignable to type 'AnimationGeneratorType | undefined'.
src/components/sections/FinalCTA.tsx(329,13): error TS2322: Type '{ hidden: { opacity: number; y: number; }; visible: (i?: number) => { opacity: number; y: number; transition: { type: string; stiffness: number; damping: number; delay: number; }; }; }' is not assignable to type 'Variants'.
  Property 'visible' is incompatible with index signature.
    Type '(i?: number) => { opacity: number; y: number; transition: { type: string; stiffness: number; damping: number; delay: number; }; }' is not assignable to type 'Variant'.
      Type '(i?: number) => { opacity: number; y: number; transition: { type: string; stiffness: number; damping: number; delay: number; }; }' is not assignable to type 'TargetResolver'.
        Type '{ opacity: number; y: number; transition: { type: string; stiffness: number; damping: number; delay: number; }; }' is not assignable to type 'string | TargetAndTransition'.
          Type '{ opacity: number; y: number; transition: { type: string; stiffness: number; damping: number; delay: number; }; }' is not assignable to type 'TargetAndTransition'.
            Type '{ opacity: number; y: number; transition: { type: string; stiffness: number; damping: number; delay: number; }; }' is not assignable to type '{ transition?: Transition<any> | undefined; transitionEnd?: ResolvedValues$1 | undefined; }'.
              Types of property 'transition' are incompatible.
                Type '{ type: string; stiffness: number; damping: number; delay: number; }' is not assignable to type 'Transition<any> | undefined'.
                  Type '{ type: string; stiffness: number; damping: number; delay: number; }' is not assignable to type 'TransitionWithValueOverrides<any>'.
                    Type '{ type: string; stiffness: number; damping: number; delay: number; }' is not assignable to type 'ValueAnimationTransition<any>'.
                      Types of property 'type' are incompatible.
                        Type 'string' is not assignable to type 'AnimationGeneratorType | undefined'.
